Last login: Fri Feb 19 16:21:48 on ttys001
ImielinskiLab02:~ knagdimov$ ls
Applications	Documents	Library		Music		Public
Desktop		Downloads	Movies		Pictures	PycharmProjects
ImielinskiLab02:~ knagdimov$ cd Desktop/
ImielinskiLab02:Desktop knagdimov$ ls
cats	gTrack	gUtils
ImielinskiLab02:Desktop knagdimov$ cd cats/
ImielinskiLab02:cats knagdimov$ ls
DESCRIPTION	DESCRIPTION~	NAMESPACE	R		man
ImielinskiLab02:cats knagdimov$ r

R version 3.2.3 (2015-12-10) -- "Wooden Christmas-Tree"
Copyright (C) 2015 The R Foundation for Statistical Computing
Platform: x86_64-apple-darwin13.4.0 (64-bit)

R is free software and comes with ABSOLUTELY NO WARRANTY.
You are welcome to redistribute it under certain conditions.
Type 'license()' or 'licence()' for distribution details.

  Natural language support but running in an English locale

R is a collaborative project with many contributors.
Type 'contributors()' for more information and
'citation()' on how to cite R or R packages in publications.

Type 'demo()' for some demos, 'help()' for on-line help, or
'help.start()' for an HTML browser interface to help.
Type 'q()' to quit R.

[Previously saved workspace restored]

> library(devtools)
> install()
Installing cats2
'/Library/Frameworks/R.framework/Resources/bin/R' --no-site-file --no-environ  \
  --no-save --no-restore CMD INSTALL '/Users/knagdimov/Desktop/cats'  \
  --library='/Library/Frameworks/R.framework/Versions/3.2/Resources/library'  \
  --install-tests 

* installing *source* package ‘cats2’ ...
** R
** preparing package for lazy loading
** help
*** installing help indices
** building package indices
** testing if installed package can be loaded
* DONE (cats2)
> install()
Installing cats2
'/Library/Frameworks/R.framework/Resources/bin/R' --no-site-file --no-environ  \
  --no-save --no-restore CMD INSTALL '/Users/knagdimov/Desktop/cats'  \
  --library='/Library/Frameworks/R.framework/Versions/3.2/Resources/library'  \
  --install-tests 

* installing *source* package ‘cats2’ ...
** R
** preparing package for lazy loading
** help
*** installing help indices
** building package indices
** testing if installed package can be loaded
* DONE (cats2)
> ?cat_function
No documentation for ‘cat_function’ in specified packages and libraries:
you could try ‘??cat_function’
> ??cat_function
> cats2
Error: object 'cats2' not found
> library(cats2)
> cats2::cats_function()
Error: 'cats_function' is not an exported object from 'namespace:cats2'
> ?cats_function()
Error in .helpForCall(topicExpr, parent.frame()) : 
  no methods for ‘cats_function’ and no documentation for it as a function
> ?cats_function
No documentation for ‘cats_function’ in specified packages and libraries:
you could try ‘??cats_function’
> ?cat_function
> git
Error: object 'git' not found
> install git
Error: unexpected symbol in "install git"
> ?attr
> x <- 1
> attr(x,"class") <- "foo" 
> x
[1] 1
attr(,"class")
[1] "foo"
> ?structure
> x <- structure(1, class = "foo")
> x
[1] 1
attr(,"class")
[1] "foo"
> class(x) <- "foo"
> class(x)
[1] "foo"
> library(gTrack)
Loading required package: GenomicRanges
Loading required package: BiocGenerics
Loading required package: parallel

Attaching package: ‘BiocGenerics’

The following objects are masked from ‘package:parallel’:

    clusterApply, clusterApplyLB, clusterCall, clusterEvalQ,
    clusterExport, clusterMap, parApply, parCapply, parLapply,
    parLapplyLB, parRapply, parSapply, parSapplyLB

The following objects are masked from ‘package:stats’:

    IQR, mad, xtabs

The following objects are masked from ‘package:base’:

    anyDuplicated, append, as.data.frame, as.vector, cbind, colnames,
    do.call, duplicated, eval, evalq, Filter, Find, get, grep, grepl,
    intersect, is.unsorted, lapply, lengths, Map, mapply, match, mget,
    order, paste, pmax, pmax.int, pmin, pmin.int, Position, rank,
    rbind, Reduce, rownames, sapply, setdiff, sort, table, tapply,
    union, unique, unlist, unsplit

Loading required package: S4Vectors
Loading required package: stats4
Loading required package: IRanges
Loading required package: GenomeInfoDb
Loading required package: gUtils
Loading required package: data.table
data.table 1.9.6  For help type ?data.table or https://github.com/Rdatatable/data.table/wiki
The fastest way to learn (by data.table authors): https://www.datacamp.com/courses/data-analysis-the-data-table-way

Attaching package: ‘data.table’

The following object is masked from ‘package:GenomicRanges’:

    shift

The following object is masked from ‘package:IRanges’:

    shift

Loading required package: Rsamtools
Loading required package: XVector
Loading required package: Biostrings
Loading required package: BSgenome
Loading required package: rtracklayer

Attaching package: ‘rtracklayer’

The following object is masked _by_ ‘.GlobalEnv’:

    import.ucsc


Attaching package: ‘gUtils’

The following objects are masked _by_ ‘.GlobalEnv’:

    .toggle_grfo, %__%, %_%, %-%, %**%, %&%, %^%, %^^%, %+%, %|%, %||%,
    %$%, %$$%, %N%, %NN%, %o%, %O%, %oo%, %OO%, %Q%, %WW%, affine.map,
    alpha, bam.cov.gr, bam.cov.tile, bamflag, bamtag, chr2num, chunk,
    count.clips, countCigar, counts2rpkm, dedup, dtgr, gc_content,
    get_seq, get.mate.gr, get.pairs.grl, gr.chr, gr.collapse, gr.dist,
    gr.end, gr.findoverlaps, gr.fix, gr.flatmap, gr.flatten, gr.flip,
    gr.in, gr.isclip, gr.isdisc, gr.match, gr.mid, gr.mincov, gr.nochr,
    gr.pairflip, gr.rand, gr.readfilter, gr.reduce, gr.refactor,
    gr.round, gr.sample, gr.simplify, gr.start, gr.string,
    gr.stripstrand, gr.sub, gr.tile, gr.tile.map, gr.tostring, gr.trim,
    gr.val, gr2gatk, gr2grl, grbind, grdt, grl.filter, grl.in,
    grl.pivot, grl.span, grl.split, grl.string, grl.stripnames,
    grl.unlist, grlbind, gstring, hg_seqlengths, levapply, match.bs,
    parse.gr, parse.grl, ra.overlaps, ra.setdiff, ra.union, read_hg,
    read.bam, rle.query, rrbind2, seg2gr, seqinfo2gr, si2gr,
    splice.cigar, standardize_segs, streduce, system.call, vaggregate,
    varbase

The following object is masked from ‘package:base’:

    %o%

Loading required package: RColorBrewer
No methods found in "graphics" for requests: plot

Attaching package: ‘gTrack’

The following object is masked from ‘package:BSgenome’:

    seqinfo<-

The following object is masked from ‘package:rtracklayer’:

    seqinfo<-

The following object is masked from ‘package:GenomicRanges’:

    seqinfo<-

The following object is masked from ‘package:GenomeInfoDb’:

    seqinfo<-

The following object is masked from ‘package:S4Vectors’:

    lengths

The following object is masked from ‘package:BiocGenerics’:

    lengths

The following object is masked from ‘package:base’:

    lengths

Warning messages:
1: replacing previous import by ‘data.table::shift’ when loading ‘gUtils’ 
2: replacing previous import by ‘data.table::shift’ when loading ‘gTrack’ 
3: multiple methods tables found for ‘seqinfo<-’ 
> gt = track.gencode()
> gt
gTrack object with 1 tracks with formatting:
  track.name height ygap stack.gap  lift split angle format col lwd.border
1         NA     10    2     1e+06 FALSE FALSE    15 ranges  NA          1
  xaxis.cex.label xaxis.prefix xaxis.unit xaxis.suffix xaxis.interval ypad ywid
1               1          chr      1e+06           MB             NA    0   NA
  border cex.label hadj.label gr.colorfield smooth round vadj.label legend
1     NA       0.5          1            NA     NA    NA        0.5   TRUE
  y.field circles bars y0.bar lines source.file.chrsub yaxis.cex cex.tick
1      NA      NA   NA     NA    NA               TRUE         1      0.8
  max.ranges yaxis yaxis.pretty y0 y1 y.quantile triangle is.null
1      50000 FALSE            5 NA NA       0.01    FALSE   FALSE
  grl.labelfield gr.labelfield gr.srt.label gr.cex.label labels.suppress.gr
1             id   exon_number            0          0.3               TRUE
> gt$gr.cex.label
[1] 0.3
> gt$gr.cex.label = 0.2
> gt
gTrack object with 1 tracks with formatting:
  track.name height ygap stack.gap  lift split angle format col lwd.border
1         NA     10    2     1e+06 FALSE FALSE    15 ranges  NA          1
  xaxis.cex.label xaxis.prefix xaxis.unit xaxis.suffix xaxis.interval ypad ywid
1               1          chr      1e+06           MB             NA    0   NA
  border cex.label hadj.label gr.colorfield smooth round vadj.label legend
1     NA       0.5          1            NA     NA    NA        0.5   TRUE
  y.field circles bars y0.bar lines source.file.chrsub yaxis.cex cex.tick
1      NA      NA   NA     NA    NA               TRUE         1      0.8
  max.ranges yaxis yaxis.pretty y0 y1 y.quantile triangle is.null
1      50000 FALSE            5 NA NA       0.01    FALSE   FALSE
  grl.labelfield gr.labelfield gr.srt.label gr.cex.label labels.suppress.gr
1             id   exon_number            0          0.2               TRUE
> 
> 
> GRanges(1, IRanges(1, 10000))
GRanges object with 1 range and 0 metadata columns:
      seqnames     ranges strand
         <Rle>  <IRanges>  <Rle>
  [1]        1 [1, 10000]      *
  -------
  seqinfo: 1 sequence from an unspecified genome; no seqlengths
> dat(gt)
[[1]]
GRangesList object of length 44042:
$5S_rRNA 
ccGRanges object with 26 ranges and 7 metadata columns:
       seqnames                 ranges strand   |   gene_name transcript_name
          <Rle>              <IRanges>  <Rle>   | <character>     <character>
   [1]        2 [162266065, 162266181]      +   |     5S_rRNA         5S_rRNA
   [2]       12 [ 34358634,  34358752]      +   |     5S_rRNA         5S_rRNA
   [3]       14 [ 68123822,  68123928]      -   |     5S_rRNA         5S_rRNA
   [4]       16 [ 34977639,  34990886]      +   |     5S_rRNA         5S_rRNA
   [5]        X [ 68892323,  68892441]      +   |     5S_rRNA         5S_rRNA
   ...      ...                    ...    ... ...         ...             ...
  [22]       16 [ 34989750,  34990167]      +   |     5S_rRNA   5S_rRNA.6-002
  [23]       16 [ 34982891,  34983026]      +   |     5S_rRNA   5S_rRNA.6-203
  [24]        X [ 68892323,  68892441]      +   |     5S_rRNA  5S_rRNA.25-201
  [25]        X [147089620, 147089735]      -   |     5S_rRNA   5S_rRNA.1-201
  [26]        X [150194767, 150194878]      -   |     5S_rRNA   5S_rRNA.2-201
           transcript_id     type exon_number     type    tx.ord
             <character> <factor>   <numeric> <factor> <integer>
   [1] ENSG00000271924.1     gene        <NA>     gene         1
   [2] ENSG00000272435.1     gene        <NA>     gene         1
   [3] ENSG00000272253.1     gene        <NA>     gene         1
   [4] ENSG00000261122.2     gene        <NA>     gene         1
   [5] ENSG00000272351.1     gene        <NA>     gene         1
   ...               ...      ...         ...      ...       ...
  [22] ENST00000565625.1     exon           3     exon         4
  [23] ENST00000516580.1     exon           1     exon         2
  [24] ENST00000606950.1     exon           1     exon         2
  [25] ENST00000364415.1     exon           1     exon         2
  [26] ENST00000391293.1     exon           1     exon         2

...
<44041 more elements>
-------
seqinfo: 25 sequences from an unspecified genome

> gr =dat(gt)[[1]]
> gr
GRangesList object of length 44042:
$5S_rRNA 
GRanges object with 26 ranges and 7 metadata columns:
       seqnames                 ranges strand   |   gene_name transcript_name
          <Rle>              <IRanges>  <Rle>   | <character>     <character>
   [1]        2 [162266065, 162266181]      +   |     5S_rRNA         5S_rRNA
   [2]       12 [ 34358634,  34358752]      +   |     5S_rRNA         5S_rRNA
   [3]       14 [ 68123822,  68123928]      -   |     5S_rRNA         5S_rRNA
   [4]       16 [ 34977639,  34990886]      +   |     5S_rRNA         5S_rRNA
   [5]        X [ 68892323,  68892441]      +   |     5S_rRNA         5S_rRNA
   ...      ...                    ...    ... ...         ...             ...
  [22]       16 [ 34989750,  34990167]      +   |     5S_rRNA   5S_rRNA.6-002
  [23]       16 [ 34982891,  34983026]      +   |     5S_rRNA   5S_rRNA.6-203
  [24]        X [ 68892323,  68892441]      +   |     5S_rRNA  5S_rRNA.25-201
  [25]        X [147089620, 147089735]      -   |     5S_rRNA   5S_rRNA.1-201
  [26]        X [150194767, 150194878]      -   |     5S_rRNA   5S_rRNA.2-201
           transcript_id     type exon_number     type    tx.ord
             <character> <factor>   <numeric> <factor> <integer>
   [1] ENSG00000271924.1     gene        <NA>     gene         1
   [2] ENSG00000272435.1     gene        <NA>     gene         1
   [3] ENSG00000272253.1     gene        <NA>     gene         1
   [4] ENSG00000261122.2     gene        <NA>     gene         1
   [5] ENSG00000272351.1     gene        <NA>     gene         1
   ...               ...      ...         ...      ...       ...
  [22] ENST00000565625.1     exon           3     exon         4
  [23] ENST00000516580.1     exon           1     exon         2
  [24] ENST00000606950.1     exon           1     exon         2
  [25] ENST00000364415.1     exon           1     exon         2
  [26] ENST00000391293.1     exon           1     exon         2

...
<44041 more elements>
-------
seqinfo: 25 sequences from an unspecified genome
> gr =dat(gt)[[1]][[1]]
> 
> gr
GRanges object with 26 ranges and 7 metadata columns:
       seqnames                 ranges strand   |   gene_name transcript_name
          <Rle>              <IRanges>  <Rle>   | <character>     <character>
   [1]        2 [162266065, 162266181]      +   |     5S_rRNA         5S_rRNA
   [2]       12 [ 34358634,  34358752]      +   |     5S_rRNA         5S_rRNA
   [3]       14 [ 68123822,  68123928]      -   |     5S_rRNA         5S_rRNA
   [4]       16 [ 34977639,  34990886]      +   |     5S_rRNA         5S_rRNA
   [5]        X [ 68892323,  68892441]      +   |     5S_rRNA         5S_rRNA
   ...      ...                    ...    ... ...         ...             ...
  [22]       16 [ 34989750,  34990167]      +   |     5S_rRNA   5S_rRNA.6-002
  [23]       16 [ 34982891,  34983026]      +   |     5S_rRNA   5S_rRNA.6-203
  [24]        X [ 68892323,  68892441]      +   |     5S_rRNA  5S_rRNA.25-201
  [25]        X [147089620, 147089735]      -   |     5S_rRNA   5S_rRNA.1-201
  [26]        X [150194767, 150194878]      -   |     5S_rRNA   5S_rRNA.2-201
           transcript_id     type exon_number     type    tx.ord
             <character> <factor>   <numeric> <factor> <integer>
   [1] ENSG00000271924.1     gene        <NA>     gene         1
   [2] ENSG00000272435.1     gene        <NA>     gene         1
   [3] ENSG00000272253.1     gene        <NA>     gene         1
   [4] ENSG00000261122.2     gene        <NA>     gene         1
   [5] ENSG00000272351.1     gene        <NA>     gene         1
   ...               ...      ...         ...      ...       ...
  [22] ENST00000565625.1     exon           3     exon         4
  [23] ENST00000516580.1     exon           1     exon         2
  [24] ENST00000606950.1     exon           1     exon         2
  [25] ENST00000364415.1     exon           1     exon         2
  [26] ENST00000391293.1     exon           1     exon         2
  -------
  seqinfo: 25 sequences from an unspecified genome
> gr =dat(gt)[[1]]
> gr
GRangesList object of length 44042:
$5S_rRNA 
GRanges object with 26 ranges and 7 metadata columns:
       seqnames                 ranges strand   |   gene_name transcript_name
          <Rle>              <IRanges>  <Rle>   | <character>     <character>
   [1]        2 [162266065, 162266181]      +   |     5S_rRNA         5S_rRNA
   [2]       12 [ 34358634,  34358752]      +   |     5S_rRNA         5S_rRNA
   [3]       14 [ 68123822,  68123928]      -   |     5S_rRNA         5S_rRNA
   [4]       16 [ 34977639,  34990886]      +   |     5S_rRNA         5S_rRNA
   [5]        X [ 68892323,  68892441]      +   |     5S_rRNA         5S_rRNA
   ...      ...                    ...    ... ...         ...             ...
  [22]       16 [ 34989750,  34990167]      +   |     5S_rRNA   5S_rRNA.6-002
  [23]       16 [ 34982891,  34983026]      +   |     5S_rRNA   5S_rRNA.6-203
  [24]        X [ 68892323,  68892441]      +   |     5S_rRNA  5S_rRNA.25-201
  [25]        X [147089620, 147089735]      -   |     5S_rRNA   5S_rRNA.1-201
  [26]        X [150194767, 150194878]      -   |     5S_rRNA   5S_rRNA.2-201
           transcript_id     type exon_number     type    tx.ord
             <character> <factor>   <numeric> <factor> <integer>
   [1] ENSG00000271924.1     gene        <NA>     gene         1
   [2] ENSG00000272435.1     gene        <NA>     gene         1
   [3] ENSG00000272253.1     gene        <NA>     gene         1
   [4] ENSG00000261122.2     gene        <NA>     gene         1
   [5] ENSG00000272351.1     gene        <NA>     gene         1
   ...               ...      ...         ...      ...       ...
  [22] ENST00000565625.1     exon           3     exon         4
  [23] ENST00000516580.1     exon           1     exon         2
  [24] ENST00000606950.1     exon           1     exon         2
  [25] ENST00000364415.1     exon           1     exon         2
  [26] ENST00000391293.1     exon           1     exon         2

...
<44041 more elements>
-------
seqinfo: 25 sequences from an unspecified genome
> gr =dat(gt)[[5]]
Error in dat(gt)[[5]] : subscript out of bounds
> gr =dat(gt)[[1]][[5]]
> gt
gTrack object with 1 tracks with formatting:
  track.name height ygap stack.gap  lift split angle format col lwd.border
1         NA     10    2     1e+06 FALSE FALSE    15 ranges  NA          1
  xaxis.cex.label xaxis.prefix xaxis.unit xaxis.suffix xaxis.interval ypad ywid
1               1          chr      1e+06           MB             NA    0   NA
  border cex.label hadj.label gr.colorfield smooth round vadj.label legend
1     NA       0.5          1            NA     NA    NA        0.5   TRUE
  y.field circles bars y0.bar lines source.file.chrsub yaxis.cex cex.tick
1      NA      NA   NA     NA    NA               TRUE         1      0.8
  max.ranges yaxis yaxis.pretty y0 y1 y.quantile triangle is.null
1      50000 FALSE            5 NA NA       0.01    FALSE   FALSE
  grl.labelfield gr.labelfield gr.srt.label gr.cex.label labels.suppress.gr
1             id   exon_number            0          0.2               TRUE
> gr
GRanges object with 155 ranges and 7 metadata columns:
        seqnames               ranges strand   |   gene_name transcript_name
           <Rle>            <IRanges>  <Rle>   | <character>     <character>
    [1]       10 [52559169, 52645435]      -   |        A1CF            A1CF
    [2]       10 [52645341, 52645435]      -   |        A1CF        A1CF-001
    [3]       10 [52619602, 52619745]      -   |        A1CF        A1CF-001
    [4]       10 [52603748, 52603882]      -   |        A1CF        A1CF-001
    [5]       10 [52601622, 52601752]      -   |        A1CF        A1CF-001
    ...      ...                  ...    ... ...         ...             ...
  [151]       10 [52566489, 52566491]      -   |        A1CF        A1CF-004
  [152]       10 [52566489, 52566491]      -   |        A1CF        A1CF-006
  [153]       10 [52566489, 52566491]      -   |        A1CF        A1CF-201
  [154]       10 [52566489, 52566491]      -   |        A1CF        A1CF-203
  [155]       10 [52566489, 52566491]      -   |        A1CF        A1CF-202
             transcript_id       type exon_number       type    tx.ord
               <character>   <factor>   <numeric>   <factor> <integer>
    [1] ENSG00000148584.10       gene        <NA>       gene         1
    [2]  ENST00000374001.2       exon           1       exon         2
    [3]  ENST00000374001.2       exon           2       exon         3
    [4]  ENST00000374001.2       exon           3       exon         4
    [5]  ENST00000374001.2       exon           4       exon         5
    ...                ...        ...         ...        ...       ...
  [151]  ENST00000373997.3 stop_codon          13 stop_codon        20
  [152]  ENST00000373995.3 stop_codon          13 stop_codon        20
  [153]  ENST00000282641.2 stop_codon          13 stop_codon        20
  [154]  ENST00000395495.1 stop_codon          12 stop_codon        19
  [155]  ENST00000395489.2 stop_codon          15 stop_codon        24
  -------
  seqinfo: 25 sequences from an unspecified genome
> seqlengths(gr)
        1         2         3         4         5         6         7         8 
249250621 243199373 198022430 191154276 180915260 171115067 159138663 146364022 
        9        10        11        12        13        14        15        16 
141213431 135534747 135006516 133851895 115169878 107349540 102531392  90354753 
       17        18        19        20        21        22         X         Y 
 81195210  78077248  59128983  63025520  48129895  51304566 155270560  59373566 
        M 
    16571 
> names(seqlengths(gr))
 [1] "1"  "2"  "3"  "4"  "5"  "6"  "7"  "8"  "9"  "10" "11" "12" "13" "14" "15"
[16] "16" "17" "18" "19" "20" "21" "22" "X"  "Y"  "M" 
> seqlengths(gr)
        1         2         3         4         5         6         7         8 
249250621 243199373 198022430 191154276 180915260 171115067 159138663 146364022 
        9        10        11        12        13        14        15        16 
141213431 135534747 135006516 133851895 115169878 107349540 102531392  90354753 
       17        18        19        20        21        22         X         Y 
 81195210  78077248  59128983  63025520  48129895  51304566 155270560  59373566 
        M 
    16571 
> class(seqlengths(gr))
[1] "integer"
> gr
GRanges object with 155 ranges and 7 metadata columns:
        seqnames               ranges strand   |   gene_name transcript_name
           <Rle>            <IRanges>  <Rle>   | <character>     <character>
    [1]       10 [52559169, 52645435]      -   |        A1CF            A1CF
    [2]       10 [52645341, 52645435]      -   |        A1CF        A1CF-001
    [3]       10 [52619602, 52619745]      -   |        A1CF        A1CF-001
    [4]       10 [52603748, 52603882]      -   |        A1CF        A1CF-001
    [5]       10 [52601622, 52601752]      -   |        A1CF        A1CF-001
    ...      ...                  ...    ... ...         ...             ...
  [151]       10 [52566489, 52566491]      -   |        A1CF        A1CF-004
  [152]       10 [52566489, 52566491]      -   |        A1CF        A1CF-006
  [153]       10 [52566489, 52566491]      -   |        A1CF        A1CF-201
  [154]       10 [52566489, 52566491]      -   |        A1CF        A1CF-203
  [155]       10 [52566489, 52566491]      -   |        A1CF        A1CF-202
             transcript_id       type exon_number       type    tx.ord
               <character>   <factor>   <numeric>   <factor> <integer>
    [1] ENSG00000148584.10       gene        <NA>       gene         1
    [2]  ENST00000374001.2       exon           1       exon         2
    [3]  ENST00000374001.2       exon           2       exon         3
    [4]  ENST00000374001.2       exon           3       exon         4
    [5]  ENST00000374001.2       exon           4       exon         5
    ...                ...        ...         ...        ...       ...
  [151]  ENST00000373997.3 stop_codon          13 stop_codon        20
  [152]  ENST00000373995.3 stop_codon          13 stop_codon        20
  [153]  ENST00000282641.2 stop_codon          13 stop_codon        20
  [154]  ENST00000395495.1 stop_codon          12 stop_codon        19
  [155]  ENST00000395489.2 stop_codon          15 stop_codon        24
  -------
  seqinfo: 25 sequences from an unspecified genome
> values(gr)[1,]
DataFrame with 1 row and 7 columns
    gene_name transcript_name      transcript_id     type exon_number     type
  <character>     <character>        <character> <factor>   <numeric> <factor>
1        A1CF            A1CF ENSG00000148584.10     gene          NA     gene
     tx.ord
  <integer>
1         1
> gr, =dat(gt)[[1]]
Error: unexpected ',' in "gr,"
> grl =dat(gt)[[1]]
> grl[[1]]
GRanges object with 26 ranges and 7 metadata columns:
       seqnames                 ranges strand   |   gene_name transcript_name
          <Rle>              <IRanges>  <Rle>   | <character>     <character>
   [1]        2 [162266065, 162266181]      +   |     5S_rRNA         5S_rRNA
   [2]       12 [ 34358634,  34358752]      +   |     5S_rRNA         5S_rRNA
   [3]       14 [ 68123822,  68123928]      -   |     5S_rRNA         5S_rRNA
   [4]       16 [ 34977639,  34990886]      +   |     5S_rRNA         5S_rRNA
   [5]        X [ 68892323,  68892441]      +   |     5S_rRNA         5S_rRNA
   ...      ...                    ...    ... ...         ...             ...
  [22]       16 [ 34989750,  34990167]      +   |     5S_rRNA   5S_rRNA.6-002
  [23]       16 [ 34982891,  34983026]      +   |     5S_rRNA   5S_rRNA.6-203
  [24]        X [ 68892323,  68892441]      +   |     5S_rRNA  5S_rRNA.25-201
  [25]        X [147089620, 147089735]      -   |     5S_rRNA   5S_rRNA.1-201
  [26]        X [150194767, 150194878]      -   |     5S_rRNA   5S_rRNA.2-201
           transcript_id     type exon_number     type    tx.ord
             <character> <factor>   <numeric> <factor> <integer>
   [1] ENSG00000271924.1     gene        <NA>     gene         1
   [2] ENSG00000272435.1     gene        <NA>     gene         1
   [3] ENSG00000272253.1     gene        <NA>     gene         1
   [4] ENSG00000261122.2     gene        <NA>     gene         1
   [5] ENSG00000272351.1     gene        <NA>     gene         1
   ...               ...      ...         ...      ...       ...
  [22] ENST00000565625.1     exon           3     exon         4
  [23] ENST00000516580.1     exon           1     exon         2
  [24] ENST00000606950.1     exon           1     exon         2
  [25] ENST00000364415.1     exon           1     exon         2
  [26] ENST00000391293.1     exon           1     exon         2
  -------
  seqinfo: 25 sequences from an unspecified genome
> grl[[5]]
GRanges object with 155 ranges and 7 metadata columns:
        seqnames               ranges strand   |   gene_name transcript_name
           <Rle>            <IRanges>  <Rle>   | <character>     <character>
    [1]       10 [52559169, 52645435]      -   |        A1CF            A1CF
    [2]       10 [52645341, 52645435]      -   |        A1CF        A1CF-001
    [3]       10 [52619602, 52619745]      -   |        A1CF        A1CF-001
    [4]       10 [52603748, 52603882]      -   |        A1CF        A1CF-001
    [5]       10 [52601622, 52601752]      -   |        A1CF        A1CF-001
    ...      ...                  ...    ... ...         ...             ...
  [151]       10 [52566489, 52566491]      -   |        A1CF        A1CF-004
  [152]       10 [52566489, 52566491]      -   |        A1CF        A1CF-006
  [153]       10 [52566489, 52566491]      -   |        A1CF        A1CF-201
  [154]       10 [52566489, 52566491]      -   |        A1CF        A1CF-203
  [155]       10 [52566489, 52566491]      -   |        A1CF        A1CF-202
             transcript_id       type exon_number       type    tx.ord
               <character>   <factor>   <numeric>   <factor> <integer>
    [1] ENSG00000148584.10       gene        <NA>       gene         1
    [2]  ENST00000374001.2       exon           1       exon         2
    [3]  ENST00000374001.2       exon           2       exon         3
    [4]  ENST00000374001.2       exon           3       exon         4
    [5]  ENST00000374001.2       exon           4       exon         5
    ...                ...        ...         ...        ...       ...
  [151]  ENST00000373997.3 stop_codon          13 stop_codon        20
  [152]  ENST00000373995.3 stop_codon          13 stop_codon        20
  [153]  ENST00000282641.2 stop_codon          13 stop_codon        20
  [154]  ENST00000395495.1 stop_codon          12 stop_codon        19
  [155]  ENST00000395489.2 stop_codon          15 stop_codon        24
  -------
  seqinfo: 25 sequences from an unspecified genome
> gr
GRanges object with 155 ranges and 7 metadata columns:
        seqnames               ranges strand   |   gene_name transcript_name
           <Rle>            <IRanges>  <Rle>   | <character>     <character>
    [1]       10 [52559169, 52645435]      -   |        A1CF            A1CF
    [2]       10 [52645341, 52645435]      -   |        A1CF        A1CF-001
    [3]       10 [52619602, 52619745]      -   |        A1CF        A1CF-001
    [4]       10 [52603748, 52603882]      -   |        A1CF        A1CF-001
    [5]       10 [52601622, 52601752]      -   |        A1CF        A1CF-001
    ...      ...                  ...    ... ...         ...             ...
  [151]       10 [52566489, 52566491]      -   |        A1CF        A1CF-004
  [152]       10 [52566489, 52566491]      -   |        A1CF        A1CF-006
  [153]       10 [52566489, 52566491]      -   |        A1CF        A1CF-201
  [154]       10 [52566489, 52566491]      -   |        A1CF        A1CF-203
  [155]       10 [52566489, 52566491]      -   |        A1CF        A1CF-202
             transcript_id       type exon_number       type    tx.ord
               <character>   <factor>   <numeric>   <factor> <integer>
    [1] ENSG00000148584.10       gene        <NA>       gene         1
    [2]  ENST00000374001.2       exon           1       exon         2
    [3]  ENST00000374001.2       exon           2       exon         3
    [4]  ENST00000374001.2       exon           3       exon         4
    [5]  ENST00000374001.2       exon           4       exon         5
    ...                ...        ...         ...        ...       ...
  [151]  ENST00000373997.3 stop_codon          13 stop_codon        20
  [152]  ENST00000373995.3 stop_codon          13 stop_codon        20
  [153]  ENST00000282641.2 stop_codon          13 stop_codon        20
  [154]  ENST00000395495.1 stop_codon          12 stop_codon        19
  [155]  ENST00000395489.2 stop_codon          15 stop_codon        24
  -------
  seqinfo: 25 sequences from an unspecified genome
> gr
GRanges object with 155 ranges and 7 metadata columns:
        seqnames               ranges strand   |   gene_name transcript_name
           <Rle>            <IRanges>  <Rle>   | <character>     <character>
    [1]       10 [52559169, 52645435]      -   |        A1CF            A1CF
    [2]       10 [52645341, 52645435]      -   |        A1CF        A1CF-001
    [3]       10 [52619602, 52619745]      -   |        A1CF        A1CF-001
    [4]       10 [52603748, 52603882]      -   |        A1CF        A1CF-001
    [5]       10 [52601622, 52601752]      -   |        A1CF        A1CF-001
    ...      ...                  ...    ... ...         ...             ...
  [151]       10 [52566489, 52566491]      -   |        A1CF        A1CF-004
  [152]       10 [52566489, 52566491]      -   |        A1CF        A1CF-006
  [153]       10 [52566489, 52566491]      -   |        A1CF        A1CF-201
  [154]       10 [52566489, 52566491]      -   |        A1CF        A1CF-203
  [155]       10 [52566489, 52566491]      -   |        A1CF        A1CF-202
             transcript_id       type exon_number       type    tx.ord
               <character>   <factor>   <numeric>   <factor> <integer>
    [1] ENSG00000148584.10       gene        <NA>       gene         1
    [2]  ENST00000374001.2       exon           1       exon         2
    [3]  ENST00000374001.2       exon           2       exon         3
    [4]  ENST00000374001.2       exon           3       exon         4
    [5]  ENST00000374001.2       exon           4       exon         5
    ...                ...        ...         ...        ...       ...
  [151]  ENST00000373997.3 stop_codon          13 stop_codon        20
  [152]  ENST00000373995.3 stop_codon          13 stop_codon        20
  [153]  ENST00000282641.2 stop_codon          13 stop_codon        20
  [154]  ENST00000395495.1 stop_codon          12 stop_codon        19
  [155]  ENST00000395489.2 stop_codon          15 stop_codon        24
  -------
  seqinfo: 25 sequences from an unspecified genome
> plot(gTrack(gr))
> plot(gTrack(gr, '10'))
Error in plot(gTrack(gr, "10")) : 
  error in evaluating the argument 'x' in selecting a method for function 'plot': Error in validObject(.Object) : 
  invalid class “gTrack” object: These y.fields are not found in their respective GRanges object: 10
> plot(gTrack(gr), '10')
> plot(gTrack(gr), '10:50e6-60e6')
> plot(gTrack(gr), '10:52e6-53e6')
> plot(gTrack(gr), GRanges(
+ 
> 
> plot(gTrack(gr), GRanges(
+ 
> 
> plot(gTrack(gr), GRanges('10', IRanges(52e6, 53e6)))
> plot(gTrack(gr), gr[1]+1e5)
> gt
gTrack object with 1 tracks with formatting:
  track.name height ygap stack.gap  lift split angle format col lwd.border
1         NA     10    2     1e+06 FALSE FALSE    15 ranges  NA          1
  xaxis.cex.label xaxis.prefix xaxis.unit xaxis.suffix xaxis.interval ypad ywid
1               1          chr      1e+06           MB             NA    0   NA
  border cex.label hadj.label gr.colorfield smooth round vadj.label legend
1     NA       0.5          1            NA     NA    NA        0.5   TRUE
  y.field circles bars y0.bar lines source.file.chrsub yaxis.cex cex.tick
1      NA      NA   NA     NA    NA               TRUE         1      0.8
  max.ranges yaxis yaxis.pretty y0 y1 y.quantile triangle is.null
1      50000 FALSE            5 NA NA       0.01    FALSE   FALSE
  grl.labelfield gr.labelfield gr.srt.label gr.cex.label labels.suppress.gr
1             id   exon_number            0          0.2               TRUE
> plot(c(gt, gTrack(gr)), gr[1]+1e5)
> plot(c(gt, gTrack(gr, col = 'red')), gr[1]+1e5)
^X^X^X^X^X^X^X^X^X^X^X^X^X^X^X


^C
> 
> 
> .toggle_grfo()
GRFO_FOVERLAPS is TRUE 
	...Default gr.findoverlaps behavior will use data.table foverlaps 
> .toggle_grfo()
GRFO_FOVERLAPS is FALSE 
	...Default gr.findoverlaps behavior will use IRanges findOverlaps 
> plot(c(gt, gTrack(gr, col = 'red')), gr[1]+1e5)
> plot(c(gt, gTrack(gr, col = 'red')), c(gr[1]+1e3, gr[20]+1e3))
> plot(c(gt, gTrack(gr, col = 'red')), c(gr[2]+1e3, gr[20]+1e3))
> 
> 
> 
> 
> 
